Run FootAndBall detector on input video
Video path: /work3/s220350/datasets/veo/veo1-short.mp4
Model: fb1
Model weights path: models/model_20201019_1416_final.pth
Ball confidence detection threshold [0..1]: 0.7
Player confidence detection threshold [0..1]: 0.7
Output video path: out_video.avi
Device: cuda

Base network parameters (all/trainable): 168784/168784
Ball classifier parameters (all/trainable): 9826/9826
Player classifier parameters (all/trainable): 9826/9826
Player regressor parameters (all/trainable): 10404/10404
Total (all/trainable): 198840 / 198840

Loading GPU weights...
Processing video: /work3/s220350/datasets/veo/veo1-short.mp4
